<?xml version="1.0" encoding="UTF-8"?>
<testsuites name="jest tests" tests="4" failures="0" errors="0" time="2.564">
  <testsuite name="undefined" errors="0" failures="0" skipped="0" timestamp="2022-03-09T08:01:27" time="1.469" tests="4">
    <testcase classname=" Add item to cart" name=" Add item to cart" time="0.068">
    </testcase>
    <testcase classname=" Update quantity in cart" name=" Update quantity in cart" time="0.034">
    </testcase>
    <testcase classname=" Remove item from cart" name=" Remove item from cart" time="0.023">
    </testcase>
    <testcase classname=" Performs Series of Actions" name=" Performs Series of Actions" time="0.043">
    </testcase>
  </testsuite>
</testsuites>